// Jest Snapshot v1, https://goo.gl/fbAQLP

exports[`StatsItem renders (all props) 1`] = `
<DocumentFragment>
  <div
    class="css-fi8v5m"
  >
    <h6
      class="MuiTypography-root MuiTypography-h6 css-1jgmn5n-MuiTypography-root"
    >
      Test Title
    </h6>
    <div
      class="css-1rhchyf"
    >
      <span
        aria-valuemax="100"
        aria-valuemin="0"
        aria-valuenow="20"
        class="MuiLinearProgress-root MuiLinearProgress-colorSecondary MuiLinearProgress-determinate css-10jyip1-MuiLinearProgress-root"
        role="progressbar"
      >
        <span
          class="MuiLinearProgress-bar MuiLinearProgress-barColorSecondary MuiLinearProgress-bar1Determinate css-17282r-MuiLinearProgress-bar1"
          style="transform: translateX(-80%);"
        />
      </span>
    </div>
    <h5
      class="MuiTypography-root MuiTypography-h5 css-ag7rrr-MuiTypography-root"
    >
      Test Value
    </h5>
    <span
      class="MuiTypography-root MuiTypography-overline css-1hbyad5-MuiTypography-root"
    >
      Test Hint
    </span>
  </div>
</DocumentFragment>
`;

exports[`StatsItem renders (required props) 1`] = `
<DocumentFragment>
  <div
    class="css-fi8v5m"
  >
    <h6
      class="MuiTypography-root MuiTypography-h6 css-1jgmn5n-MuiTypography-root"
    >
      Test Title
    </h6>
    <div
      class="css-1rhchyf"
    >
      <span
        aria-valuemax="100"
        aria-valuemin="0"
        aria-valuenow="20"
        class="MuiLinearProgress-root MuiLinearProgress-colorSecondary MuiLinearProgress-determinate css-10jyip1-MuiLinearProgress-root"
        role="progressbar"
      >
        <span
          class="MuiLinearProgress-bar MuiLinearProgress-barColorSecondary MuiLinearProgress-bar1Determinate css-17282r-MuiLinearProgress-bar1"
          style="transform: translateX(-80%);"
        />
      </span>
    </div>
    <h5
      class="MuiTypography-root MuiTypography-h5 css-ag7rrr-MuiTypography-root"
    >
      Test Value
    </h5>
    <span
      class="MuiTypography-root MuiTypography-overline css-1hbyad5-MuiTypography-root"
    >
      Test Hint
    </span>
  </div>
</DocumentFragment>
`;
